5.443225615e-03 -8.993584663e-03 
1.184047508e+01 -1.707545280e+01 
1.085674667e+01 4.268432140e+00 
