9.666002989e-01 -3.967265129e+00 
4.358659744e+00 -1.178008652e+01 
-2.882672548e-01 -4.442849159e+00 
