2.746557999e+01 1.172483902e+02 
-4.434874058e-01 3.114022255e+00 
-6.036589146e+00 6.592769623e+00 
