1.806627512e-01 2.292472601e+00 
3.221935272e+00 1.163707256e+00 
-6.312024593e+00 -1.520206451e+00 
