-1.521482468e-01 -1.731027722e+00 
3.128130674e+00 -9.535417557e+00 
-7.093951225e+00 -2.467679739e+00 
