-4.713989258e+00 -1.472867966e+00 
-1.239375830e+00 -1.767399549e+00 
9.085949659e-01 -1.211528063e+00 
