-5.341455460e+00 -4.750617981e+00 
-2.441908121e-01 1.381251049e+01 
3.681117773e+00 -3.405890226e+00 
