3.378491402e+00 3.452083349e+00 
3.098810434e+00 1.202338696e+00 
7.083687782e+00 -4.386901855e+00 
