-6.710191727e+00 -4.057826042e+00 
-9.210521698e+00 -6.295551777e+00 
-6.926424503e-01 -3.067524433e-01 
