6.631372452e+00 -2.207030296e+00 
-7.030645609e-01 -2.594957829e+00 
1.146044254e+00 -6.349828720e+00 
