-9.341737747e+00 1.219889641e+00 
-2.569715977e+00 -5.167057037e+00 
-5.499311924e+00 2.395451069e-01 
