5.448120728e+02 -8.201486206e+02 
2.533123016e+00 4.822591782e+00 
-1.303741455e+00 1.521211624e+00 
