-1.530437279e+01 9.212556839e+00 
-3.325977325e+00 3.833745718e+00 
2.643419743e+00 6.692207336e+00 
