1.075483894e+01 2.688263512e+01 
1.441799641e+00 5.902520180e+00 
-3.849082708e+00 -1.431080103e+00 
