-6.130506396e-01 -1.771597624e+00 
-1.354870033e+01 9.493677616e-01 
1.545007944e+00 -3.117179155e+00 
