7.877719402e-02 2.379913814e-02 
-1.020178127e+01 1.992516518e+00 
-1.246531248e+00 -4.493312836e+00 
